// Jest Snapshot v1, https://goo.gl/fbAQLP

exports[`Rendering Renders component correctly 1`] = `
<div
  className="grid-container"
>
  <div
    className="searchLocalContainer"
  >
    <p>
      Search a body part locally:
    </p>
    <form
      onSubmit={[Function]}
    >
      <label>
        <input
          type="text"
        />
      </label>
      <input
        type="submit"
        value="Submit"
      />
    </form>
  </div>
  <div
    className="searchAPIContainer"
  >
    <p>
      Select a body part:
    </p>
    <Uncontrolled(DropdownList)
      data={
        Array [
          "BRAIN",
          "CHEST",
          "BREAST",
          "PROSTATE",
          "COLON",
          "PHANTOM",
          "KIDNEY",
          "HEADNECK",
          "ABDOMEN",
          "NECK",
          "THORAX_1HEAD_NE",
          "Kidney",
          "OVARY",
          "LIVER",
          "LUNG",
          "BLADDER",
          "THYROID",
          "RECTUM",
          "UTERUS",
          "ESOPHAGUS",
          "STOMACH",
          "CERVIX",
          "CHESTABDPELVIS",
          "LEG",
          "TSPINE",
          "MEDIASTINUM",
          "SKULL",
          "EXTREMITY",
          "PANCREAS",
          "HEAD",
          "Phantom",
          "CT THORAX W CNT",
          "HEART",
          "CAROTID",
          "LUMBO-SACRAL SP",
          "PELVIS",
          "CHEST_TO_PELVIS",
          "CHEST_ABDOMEN",
          "J BRZUSZNA",
          "J brzuszna",
          "CT CHEST WO CE",
          "FUSION",
          "SEG",
          "TH CT CHEST WO ",
          "BD CT ABD WO_W ",
          "SELLA",
          "CHEST/ABD",
          "THORAX CT _OT01",
          "THORAX CT _AH05",
          "BRAIN W/WO_AH32",
          "OUTSIDE FIL",
          "CHEST COMPUTED ",
          "ABDOMEN_PELVIS ",
          "CHEST (THORAX) ",
          "CHEST NO GRID",
          "SPI CHEST 5MM",
          "AP PORTABLE CHE",
          "CTA CHEST",
          "CT CHEST W_ENHA",
          "Pelvis",
          "Head-and-Neck",
          "HEADANDNECK",
          "CT 3PHASE REN",
          "ABDOMENPELVIS",
          "ABD PELV",
          "ABD PEL",
          "WO INTER",
          "CAP",
          "Head-Neck",
          "PET_ABDOMEN_PEL",
          "PET_CT SCAN CHE",
          "THORAX",
          "WHOLEBODY",
        ]
      }
      onChange={[Function]}
    />
  </div>
  <div
    className="table"
  >
    <DataTable
      bodyPart=""
      local={false}
    />
  </div>
</div>
`;
